EEE.E......EEEE
ERROR: Coverage failure: total of 76 is less than fail-under=90
                                                                         [100%]
=================================== ERRORS ====================================
___________________ ERROR at setup of test_health_endpoint ____________________

cls = <class '_pytest.runner.CallInfo'>
func = <function call_and_report.<locals>.<lambda> at 0x0000019F2B0BB240>
when = 'setup'
reraise = (<class '_pytest.outcomes.Exit'>, <class 'KeyboardInterrupt'>)

    @classmethod
    def from_call(
        cls,
        func: Callable[[], TResult],
        when: Literal["collect", "setup", "call", "teardown"],
        reraise: type[BaseException] | tuple[type[BaseException], ...] | None = None,
    ) -> CallInfo[TResult]:
        """Call func, wrapping the result in a CallInfo.
    
        :param func:
            The function to call. Called without arguments.
        :type func: Callable[[], _pytest.runner.TResult]
        :param when:
            The phase in which the function is called.
        :param reraise:
            Exception or exceptions that shall propagate if raised by the
            function, instead of being wrapped in the CallInfo.
        """
        excinfo = None
        instant = timing.Instant()
        try:
>           result: TResult | None = func()
                                     ^^^^^^

..\..\anaconda3\Lib\site-packages\_pytest\runner.py:361: 
_ _ _ _ _ _ _ _ _ _ _ _ _ _ _ _ _ _ _ _ _ _ _ _ _ _ _ _ _ _ _ _ _ _ _ _ _ _ _ _
..\..\anaconda3\Lib\site-packages\_pytest\runner.py:250: in <lambda>
    lambda: runtest_hook(item=item, **kwds),
            ^^^^^^^^^^^^^^^^^^^^^^^^^^^^^^^
..\..\anaconda3\Lib\site-packages\pluggy\_hooks.py:512: in __call__
    return self._hookexec(self.name, self._hookimpls.copy(), kwargs, firstresult)
           ^^^^^^^^^^^^^^^^^^^^^^^^^^^^^^^^^^^^^^^^^^^^^^^^^^^^^^^^^^^^^^^^^^^^^^
..\..\anaconda3\Lib\site-packages\pluggy\_manager.py:120: in _hookexec
    return self._inner_hookexec(hook_name, methods, kwargs, firstresult)
           ^^^^^^^^^^^^^^^^^^^^^^^^^^^^^^^^^^^^^^^^^^^^^^^^^^^^^^^^^^^^^
..\..\anaconda3\Lib\site-packages\_pytest\logging.py:858: in pytest_runtest_setup
    yield
..\..\anaconda3\Lib\site-packages\_pytest\capture.py:895: in pytest_runtest_setup
    return (yield)
            ^^^^^
..\..\anaconda3\Lib\site-packages\_pytest\runner.py:170: in pytest_runtest_setup
    item.session._setupstate.setup(item)
..\..\anaconda3\Lib\site-packages\_pytest\runner.py:536: in setup
    col.setup()
..\..\anaconda3\Lib\site-packages\_pytest\python.py:1710: in setup
    self._request._fillfixtures()
..\..\anaconda3\Lib\site-packages\_pytest\fixtures.py:805: in _fillfixtures
    item.funcargs[argname] = self.getfixturevalue(argname)
                             ^^^^^^^^^^^^^^^^^^^^^^^^^^^^^
..\..\anaconda3\Lib\site-packages\_pytest\fixtures.py:629: in getfixturevalue
    fixturedef = self._get_active_fixturedef(argname)
                 ^^^^^^^^^^^^^^^^^^^^^^^^^^^^^^^^^^^^
..\..\anaconda3\Lib\site-packages\_pytest\fixtures.py:725: in _get_active_fixturedef
    fixturedef.execute(request=subrequest)
..\..\anaconda3\Lib\site-packages\_pytest\fixtures.py:1180: in execute
    fixturedef = request._get_active_fixturedef(argname)
                 ^^^^^^^^^^^^^^^^^^^^^^^^^^^^^^^^^^^^^^^
..\..\anaconda3\Lib\site-packages\_pytest\fixtures.py:725: in _get_active_fixturedef
    fixturedef.execute(request=subrequest)
..\..\anaconda3\Lib\site-packages\_pytest\fixtures.py:1231: in execute
    result: FixtureValue = ihook.pytest_fixture_setup(
..\..\anaconda3\Lib\site-packages\pluggy\_hooks.py:512: in __call__
    return self._hookexec(self.name, self._hookimpls.copy(), kwargs, firstresult)
           ^^^^^^^^^^^^^^^^^^^^^^^^^^^^^^^^^^^^^^^^^^^^^^^^^^^^^^^^^^^^^^^^^^^^^^
..\..\anaconda3\Lib\site-packages\pluggy\_manager.py:120: in _hookexec
    return self._inner_hookexec(hook_name, methods, kwargs, firstresult)
           ^^^^^^^^^^^^^^^^^^^^^^^^^^^^^^^^^^^^^^^^^^^^^^^^^^^^^^^^^^^^^
..\..\anaconda3\Lib\site-packages\_pytest\setuponly.py:36: in pytest_fixture_setup
    return (yield)
            ^^^^^
..\..\anaconda3\Lib\site-packages\_pytest\fixtures.py:1327: in pytest_fixture_setup
    result = call_fixture_func(fixturefunc, request, kwargs)
             ^^^^^^^^^^^^^^^^^^^^^^^^^^^^^^^^^^^^^^^^^^^^^^^
..\..\anaconda3\Lib\site-packages\_pytest\fixtures.py:997: in call_fixture_func
    fixture_result = next(generator)
                     ^^^^^^^^^^^^^^^
..\..\anaconda3\Lib\site-packages\_pytest\tmpdir.py:300: in tmp_path
    path = _mk_tmp(request, tmp_path_factory)
           ^^^^^^^^^^^^^^^^^^^^^^^^^^^^^^^^^^
..\..\anaconda3\Lib\site-packages\_pytest\tmpdir.py:287: in _mk_tmp
    return factory.mktemp(name, numbered=True)
           ^^^^^^^^^^^^^^^^^^^^^^^^^^^^^^^^^^^
..\..\anaconda3\Lib\site-packages\_pytest\tmpdir.py:136: in mktemp
    basename = self._ensure_relative_to_basetemp(basename)
               ^^^^^^^^^^^^^^^^^^^^^^^^^^^^^^^^^^^^^^^^^^^
..\..\anaconda3\Lib\site-packages\_pytest\tmpdir.py:117: in _ensure_relative_to_basetemp
    if (self.getbasetemp() / basename).resolve().parent != self.getbasetemp():
        ^^^^^^^^^^^^^^^^^^
..\..\anaconda3\Lib\site-packages\_pytest\tmpdir.py:213: in getbasetemp
    basetemp = make_numbered_dir_with_cleanup(
..\..\anaconda3\Lib\site-packages\_pytest\pathlib.py:420: in make_numbered_dir_with_cleanup
    raise e
..\..\anaconda3\Lib\site-packages\_pytest\pathlib.py:401: in make_numbered_dir_with_cleanup
    p = make_numbered_dir(root, prefix, mode)
        ^^^^^^^^^^^^^^^^^^^^^^^^^^^^^^^^^^^^^
..\..\anaconda3\Lib\site-packages\_pytest\pathlib.py:228: in make_numbered_dir
    max_existing = max(map(parse_num, find_suffixes(root, prefix)), default=-1)
                   ^^^^^^^^^^^^^^^^^^^^^^^^^^^^^^^^^^^^^^^^^^^^^^^^^^^^^^^^^^^^
..\..\anaconda3\Lib\site-packages\_pytest\pathlib.py:187: in extract_suffixes
    for entry in iter:
                 ^^^^
_ _ _ _ _ _ _ _ _ _ _ _ _ _ _ _ _ _ _ _ _ _ _ _ _ _ _ _ _ _ _ _ _ _ _ _ _ _ _ _

root = WindowsPath('C:/Users/ASUS/AppData/Local/Temp/pytest-of-ASUS')
prefix = 'pytest-'

    def find_prefixed(root: Path, prefix: str) -> Iterator[os.DirEntry[str]]:
        """Find all elements in root that begin with the prefix, case-insensitive."""
        l_prefix = prefix.lower()
>       for x in os.scandir(root):
                 ^^^^^^^^^^^^^^^^
E       PermissionError: [WinError 5] Access is denied: 'C:\\Users\\ASUS\\AppData\\Local\\Temp\\pytest-of-ASUS'

..\..\anaconda3\Lib\site-packages\_pytest\pathlib.py:175: PermissionError
____________________ ERROR at setup of test_games_endpoint ____________________

cls = <class '_pytest.runner.CallInfo'>
func = <function call_and_report.<locals>.<lambda> at 0x0000019F2B0BB9C0>
when = 'setup'
reraise = (<class '_pytest.outcomes.Exit'>, <class 'KeyboardInterrupt'>)

    @classmethod
    def from_call(
        cls,
        func: Callable[[], TResult],
        when: Literal["collect", "setup", "call", "teardown"],
        reraise: type[BaseException] | tuple[type[BaseException], ...] | None = None,
    ) -> CallInfo[TResult]:
        """Call func, wrapping the result in a CallInfo.
    
        :param func:
            The function to call. Called without arguments.
        :type func: Callable[[], _pytest.runner.TResult]
        :param when:
            The phase in which the function is called.
        :param reraise:
            Exception or exceptions that shall propagate if raised by the
            function, instead of being wrapped in the CallInfo.
        """
        excinfo = None
        instant = timing.Instant()
        try:
>           result: TResult | None = func()
                                     ^^^^^^

..\..\anaconda3\Lib\site-packages\_pytest\runner.py:361: 
_ _ _ _ _ _ _ _ _ _ _ _ _ _ _ _ _ _ _ _ _ _ _ _ _ _ _ _ _ _ _ _ _ _ _ _ _ _ _ _
..\..\anaconda3\Lib\site-packages\_pytest\runner.py:250: in <lambda>
    lambda: runtest_hook(item=item, **kwds),
            ^^^^^^^^^^^^^^^^^^^^^^^^^^^^^^^
..\..\anaconda3\Lib\site-packages\pluggy\_hooks.py:512: in __call__
    return self._hookexec(self.name, self._hookimpls.copy(), kwargs, firstresult)
           ^^^^^^^^^^^^^^^^^^^^^^^^^^^^^^^^^^^^^^^^^^^^^^^^^^^^^^^^^^^^^^^^^^^^^^
..\..\anaconda3\Lib\site-packages\pluggy\_manager.py:120: in _hookexec
    return self._inner_hookexec(hook_name, methods, kwargs, firstresult)
           ^^^^^^^^^^^^^^^^^^^^^^^^^^^^^^^^^^^^^^^^^^^^^^^^^^^^^^^^^^^^^
..\..\anaconda3\Lib\site-packages\_pytest\logging.py:858: in pytest_runtest_setup
    yield
..\..\anaconda3\Lib\site-packages\_pytest\capture.py:895: in pytest_runtest_setup
    return (yield)
            ^^^^^
..\..\anaconda3\Lib\site-packages\_pytest\runner.py:170: in pytest_runtest_setup
    item.session._setupstate.setup(item)
..\..\anaconda3\Lib\site-packages\_pytest\runner.py:536: in setup
    col.setup()
..\..\anaconda3\Lib\site-packages\_pytest\python.py:1710: in setup
    self._request._fillfixtures()
..\..\anaconda3\Lib\site-packages\_pytest\fixtures.py:805: in _fillfixtures
    item.funcargs[argname] = self.getfixturevalue(argname)
                             ^^^^^^^^^^^^^^^^^^^^^^^^^^^^^
..\..\anaconda3\Lib\site-packages\_pytest\fixtures.py:629: in getfixturevalue
    fixturedef = self._get_active_fixturedef(argname)
                 ^^^^^^^^^^^^^^^^^^^^^^^^^^^^^^^^^^^^
..\..\anaconda3\Lib\site-packages\_pytest\fixtures.py:725: in _get_active_fixturedef
    fixturedef.execute(request=subrequest)
..\..\anaconda3\Lib\site-packages\_pytest\fixtures.py:1180: in execute
    fixturedef = request._get_active_fixturedef(argname)
                 ^^^^^^^^^^^^^^^^^^^^^^^^^^^^^^^^^^^^^^^
..\..\anaconda3\Lib\site-packages\_pytest\fixtures.py:725: in _get_active_fixturedef
    fixturedef.execute(request=subrequest)
..\..\anaconda3\Lib\site-packages\_pytest\fixtures.py:1231: in execute
    result: FixtureValue = ihook.pytest_fixture_setup(
..\..\anaconda3\Lib\site-packages\pluggy\_hooks.py:512: in __call__
    return self._hookexec(self.name, self._hookimpls.copy(), kwargs, firstresult)
           ^^^^^^^^^^^^^^^^^^^^^^^^^^^^^^^^^^^^^^^^^^^^^^^^^^^^^^^^^^^^^^^^^^^^^^
..\..\anaconda3\Lib\site-packages\pluggy\_manager.py:120: in _hookexec
    return self._inner_hookexec(hook_name, methods, kwargs, firstresult)
           ^^^^^^^^^^^^^^^^^^^^^^^^^^^^^^^^^^^^^^^^^^^^^^^^^^^^^^^^^^^^^
..\..\anaconda3\Lib\site-packages\_pytest\setuponly.py:36: in pytest_fixture_setup
    return (yield)
            ^^^^^
..\..\anaconda3\Lib\site-packages\_pytest\fixtures.py:1327: in pytest_fixture_setup
    result = call_fixture_func(fixturefunc, request, kwargs)
             ^^^^^^^^^^^^^^^^^^^^^^^^^^^^^^^^^^^^^^^^^^^^^^^
..\..\anaconda3\Lib\site-packages\_pytest\fixtures.py:997: in call_fixture_func
    fixture_result = next(generator)
                     ^^^^^^^^^^^^^^^
..\..\anaconda3\Lib\site-packages\_pytest\tmpdir.py:300: in tmp_path
    path = _mk_tmp(request, tmp_path_factory)
           ^^^^^^^^^^^^^^^^^^^^^^^^^^^^^^^^^^
..\..\anaconda3\Lib\site-packages\_pytest\tmpdir.py:287: in _mk_tmp
    return factory.mktemp(name, numbered=True)
           ^^^^^^^^^^^^^^^^^^^^^^^^^^^^^^^^^^^
..\..\anaconda3\Lib\site-packages\_pytest\tmpdir.py:136: in mktemp
    basename = self._ensure_relative_to_basetemp(basename)
               ^^^^^^^^^^^^^^^^^^^^^^^^^^^^^^^^^^^^^^^^^^^
..\..\anaconda3\Lib\site-packages\_pytest\tmpdir.py:117: in _ensure_relative_to_basetemp
    if (self.getbasetemp() / basename).resolve().parent != self.getbasetemp():
        ^^^^^^^^^^^^^^^^^^
..\..\anaconda3\Lib\site-packages\_pytest\tmpdir.py:213: in getbasetemp
    basetemp = make_numbered_dir_with_cleanup(
..\..\anaconda3\Lib\site-packages\_pytest\pathlib.py:420: in make_numbered_dir_with_cleanup
    raise e
..\..\anaconda3\Lib\site-packages\_pytest\pathlib.py:401: in make_numbered_dir_with_cleanup
    p = make_numbered_dir(root, prefix, mode)
        ^^^^^^^^^^^^^^^^^^^^^^^^^^^^^^^^^^^^^
..\..\anaconda3\Lib\site-packages\_pytest\pathlib.py:228: in make_numbered_dir
    max_existing = max(map(parse_num, find_suffixes(root, prefix)), default=-1)
                   ^^^^^^^^^^^^^^^^^^^^^^^^^^^^^^^^^^^^^^^^^^^^^^^^^^^^^^^^^^^^
..\..\anaconda3\Lib\site-packages\_pytest\pathlib.py:187: in extract_suffixes
    for entry in iter:
                 ^^^^
_ _ _ _ _ _ _ _ _ _ _ _ _ _ _ _ _ _ _ _ _ _ _ _ _ _ _ _ _ _ _ _ _ _ _ _ _ _ _ _

root = WindowsPath('C:/Users/ASUS/AppData/Local/Temp/pytest-of-ASUS')
prefix = 'pytest-'

    def find_prefixed(root: Path, prefix: str) -> Iterator[os.DirEntry[str]]:
        """Find all elements in root that begin with the prefix, case-insensitive."""
        l_prefix = prefix.lower()
>       for x in os.scandir(root):
                 ^^^^^^^^^^^^^^^^
E       PermissionError: [WinError 5] Access is denied: 'C:\\Users\\ASUS\\AppData\\Local\\Temp\\pytest-of-ASUS'

..\..\anaconda3\Lib\site-packages\_pytest\pathlib.py:175: PermissionError
__________________ ERROR at setup of test_recommend_endpoint __________________

cls = <class '_pytest.runner.CallInfo'>
func = <function call_and_report.<locals>.<lambda> at 0x0000019F2B13E480>
when = 'setup'
reraise = (<class '_pytest.outcomes.Exit'>, <class 'KeyboardInterrupt'>)

    @classmethod
    def from_call(
        cls,
        func: Callable[[], TResult],
        when: Literal["collect", "setup", "call", "teardown"],
        reraise: type[BaseException] | tuple[type[BaseException], ...] | None = None,
    ) -> CallInfo[TResult]:
        """Call func, wrapping the result in a CallInfo.
    
        :param func:
            The function to call. Called without arguments.
        :type func: Callable[[], _pytest.runner.TResult]
        :param when:
            The phase in which the function is called.
        :param reraise:
            Exception or exceptions that shall propagate if raised by the
            function, instead of being wrapped in the CallInfo.
        """
        excinfo = None
        instant = timing.Instant()
        try:
>           result: TResult | None = func()
                                     ^^^^^^

..\..\anaconda3\Lib\site-packages\_pytest\runner.py:361: 
_ _ _ _ _ _ _ _ _ _ _ _ _ _ _ _ _ _ _ _ _ _ _ _ _ _ _ _ _ _ _ _ _ _ _ _ _ _ _ _
..\..\anaconda3\Lib\site-packages\_pytest\runner.py:250: in <lambda>
    lambda: runtest_hook(item=item, **kwds),
            ^^^^^^^^^^^^^^^^^^^^^^^^^^^^^^^
..\..\anaconda3\Lib\site-packages\pluggy\_hooks.py:512: in __call__
    return self._hookexec(self.name, self._hookimpls.copy(), kwargs, firstresult)
           ^^^^^^^^^^^^^^^^^^^^^^^^^^^^^^^^^^^^^^^^^^^^^^^^^^^^^^^^^^^^^^^^^^^^^^
..\..\anaconda3\Lib\site-packages\pluggy\_manager.py:120: in _hookexec
    return self._inner_hookexec(hook_name, methods, kwargs, firstresult)
           ^^^^^^^^^^^^^^^^^^^^^^^^^^^^^^^^^^^^^^^^^^^^^^^^^^^^^^^^^^^^^
..\..\anaconda3\Lib\site-packages\_pytest\logging.py:858: in pytest_runtest_setup
    yield
..\..\anaconda3\Lib\site-packages\_pytest\capture.py:895: in pytest_runtest_setup
    return (yield)
            ^^^^^
..\..\anaconda3\Lib\site-packages\_pytest\runner.py:170: in pytest_runtest_setup
    item.session._setupstate.setup(item)
..\..\anaconda3\Lib\site-packages\_pytest\runner.py:536: in setup
    col.setup()
..\..\anaconda3\Lib\site-packages\_pytest\python.py:1710: in setup
    self._request._fillfixtures()
..\..\anaconda3\Lib\site-packages\_pytest\fixtures.py:805: in _fillfixtures
    item.funcargs[argname] = self.getfixturevalue(argname)
                             ^^^^^^^^^^^^^^^^^^^^^^^^^^^^^
..\..\anaconda3\Lib\site-packages\_pytest\fixtures.py:629: in getfixturevalue
    fixturedef = self._get_active_fixturedef(argname)
                 ^^^^^^^^^^^^^^^^^^^^^^^^^^^^^^^^^^^^
..\..\anaconda3\Lib\site-packages\_pytest\fixtures.py:725: in _get_active_fixturedef
    fixturedef.execute(request=subrequest)
..\..\anaconda3\Lib\site-packages\_pytest\fixtures.py:1180: in execute
    fixturedef = request._get_active_fixturedef(argname)
                 ^^^^^^^^^^^^^^^^^^^^^^^^^^^^^^^^^^^^^^^
..\..\anaconda3\Lib\site-packages\_pytest\fixtures.py:725: in _get_active_fixturedef
    fixturedef.execute(request=subrequest)
..\..\anaconda3\Lib\site-packages\_pytest\fixtures.py:1231: in execute
    result: FixtureValue = ihook.pytest_fixture_setup(
..\..\anaconda3\Lib\site-packages\pluggy\_hooks.py:512: in __call__
    return self._hookexec(self.name, self._hookimpls.copy(), kwargs, firstresult)
           ^^^^^^^^^^^^^^^^^^^^^^^^^^^^^^^^^^^^^^^^^^^^^^^^^^^^^^^^^^^^^^^^^^^^^^
..\..\anaconda3\Lib\site-packages\pluggy\_manager.py:120: in _hookexec
    return self._inner_hookexec(hook_name, methods, kwargs, firstresult)
           ^^^^^^^^^^^^^^^^^^^^^^^^^^^^^^^^^^^^^^^^^^^^^^^^^^^^^^^^^^^^^
..\..\anaconda3\Lib\site-packages\_pytest\setuponly.py:36: in pytest_fixture_setup
    return (yield)
            ^^^^^
..\..\anaconda3\Lib\site-packages\_pytest\fixtures.py:1327: in pytest_fixture_setup
    result = call_fixture_func(fixturefunc, request, kwargs)
             ^^^^^^^^^^^^^^^^^^^^^^^^^^^^^^^^^^^^^^^^^^^^^^^
..\..\anaconda3\Lib\site-packages\_pytest\fixtures.py:997: in call_fixture_func
    fixture_result = next(generator)
                     ^^^^^^^^^^^^^^^
..\..\anaconda3\Lib\site-packages\_pytest\tmpdir.py:300: in tmp_path
    path = _mk_tmp(request, tmp_path_factory)
           ^^^^^^^^^^^^^^^^^^^^^^^^^^^^^^^^^^
..\..\anaconda3\Lib\site-packages\_pytest\tmpdir.py:287: in _mk_tmp
    return factory.mktemp(name, numbered=True)
           ^^^^^^^^^^^^^^^^^^^^^^^^^^^^^^^^^^^
..\..\anaconda3\Lib\site-packages\_pytest\tmpdir.py:136: in mktemp
    basename = self._ensure_relative_to_basetemp(basename)
               ^^^^^^^^^^^^^^^^^^^^^^^^^^^^^^^^^^^^^^^^^^^
..\..\anaconda3\Lib\site-packages\_pytest\tmpdir.py:117: in _ensure_relative_to_basetemp
    if (self.getbasetemp() / basename).resolve().parent != self.getbasetemp():
        ^^^^^^^^^^^^^^^^^^
..\..\anaconda3\Lib\site-packages\_pytest\tmpdir.py:213: in getbasetemp
    basetemp = make_numbered_dir_with_cleanup(
..\..\anaconda3\Lib\site-packages\_pytest\pathlib.py:420: in make_numbered_dir_with_cleanup
    raise e
..\..\anaconda3\Lib\site-packages\_pytest\pathlib.py:401: in make_numbered_dir_with_cleanup
    p = make_numbered_dir(root, prefix, mode)
        ^^^^^^^^^^^^^^^^^^^^^^^^^^^^^^^^^^^^^
..\..\anaconda3\Lib\site-packages\_pytest\pathlib.py:228: in make_numbered_dir
    max_existing = max(map(parse_num, find_suffixes(root, prefix)), default=-1)
                   ^^^^^^^^^^^^^^^^^^^^^^^^^^^^^^^^^^^^^^^^^^^^^^^^^^^^^^^^^^^^
..\..\anaconda3\Lib\site-packages\_pytest\pathlib.py:187: in extract_suffixes
    for entry in iter:
                 ^^^^
_ _ _ _ _ _ _ _ _ _ _ _ _ _ _ _ _ _ _ _ _ _ _ _ _ _ _ _ _ _ _ _ _ _ _ _ _ _ _ _

root = WindowsPath('C:/Users/ASUS/AppData/Local/Temp/pytest-of-ASUS')
prefix = 'pytest-'

    def find_prefixed(root: Path, prefix: str) -> Iterator[os.DirEntry[str]]:
        """Find all elements in root that begin with the prefix, case-insensitive."""
        l_prefix = prefix.lower()
>       for x in os.scandir(root):
                 ^^^^^^^^^^^^^^^^
E       PermissionError: [WinError 5] Access is denied: 'C:\\Users\\ASUS\\AppData\\Local\\Temp\\pytest-of-ASUS'

..\..\anaconda3\Lib\site-packages\_pytest\pathlib.py:175: PermissionError
___________________ ERROR at setup of test_jsonl_round_trip ___________________

cls = <class '_pytest.runner.CallInfo'>
func = <function call_and_report.<locals>.<lambda> at 0x0000019F2B13E7A0>
when = 'setup'
reraise = (<class '_pytest.outcomes.Exit'>, <class 'KeyboardInterrupt'>)

    @classmethod
    def from_call(
        cls,
        func: Callable[[], TResult],
        when: Literal["collect", "setup", "call", "teardown"],
        reraise: type[BaseException] | tuple[type[BaseException], ...] | None = None,
    ) -> CallInfo[TResult]:
        """Call func, wrapping the result in a CallInfo.
    
        :param func:
            The function to call. Called without arguments.
        :type func: Callable[[], _pytest.runner.TResult]
        :param when:
            The phase in which the function is called.
        :param reraise:
            Exception or exceptions that shall propagate if raised by the
            function, instead of being wrapped in the CallInfo.
        """
        excinfo = None
        instant = timing.Instant()
        try:
>           result: TResult | None = func()
                                     ^^^^^^

..\..\anaconda3\Lib\site-packages\_pytest\runner.py:361: 
_ _ _ _ _ _ _ _ _ _ _ _ _ _ _ _ _ _ _ _ _ _ _ _ _ _ _ _ _ _ _ _ _ _ _ _ _ _ _ _
..\..\anaconda3\Lib\site-packages\_pytest\runner.py:250: in <lambda>
    lambda: runtest_hook(item=item, **kwds),
            ^^^^^^^^^^^^^^^^^^^^^^^^^^^^^^^
..\..\anaconda3\Lib\site-packages\pluggy\_hooks.py:512: in __call__
    return self._hookexec(self.name, self._hookimpls.copy(), kwargs, firstresult)
           ^^^^^^^^^^^^^^^^^^^^^^^^^^^^^^^^^^^^^^^^^^^^^^^^^^^^^^^^^^^^^^^^^^^^^^
..\..\anaconda3\Lib\site-packages\pluggy\_manager.py:120: in _hookexec
    return self._inner_hookexec(hook_name, methods, kwargs, firstresult)
           ^^^^^^^^^^^^^^^^^^^^^^^^^^^^^^^^^^^^^^^^^^^^^^^^^^^^^^^^^^^^^
..\..\anaconda3\Lib\site-packages\_pytest\logging.py:858: in pytest_runtest_setup
    yield
..\..\anaconda3\Lib\site-packages\_pytest\capture.py:895: in pytest_runtest_setup
    return (yield)
            ^^^^^
..\..\anaconda3\Lib\site-packages\_pytest\runner.py:170: in pytest_runtest_setup
    item.session._setupstate.setup(item)
..\..\anaconda3\Lib\site-packages\_pytest\runner.py:536: in setup
    col.setup()
..\..\anaconda3\Lib\site-packages\_pytest\python.py:1710: in setup
    self._request._fillfixtures()
..\..\anaconda3\Lib\site-packages\_pytest\fixtures.py:805: in _fillfixtures
    item.funcargs[argname] = self.getfixturevalue(argname)
                             ^^^^^^^^^^^^^^^^^^^^^^^^^^^^^
..\..\anaconda3\Lib\site-packages\_pytest\fixtures.py:629: in getfixturevalue
    fixturedef = self._get_active_fixturedef(argname)
                 ^^^^^^^^^^^^^^^^^^^^^^^^^^^^^^^^^^^^
..\..\anaconda3\Lib\site-packages\_pytest\fixtures.py:725: in _get_active_fixturedef
    fixturedef.execute(request=subrequest)
..\..\anaconda3\Lib\site-packages\_pytest\fixtures.py:1231: in execute
    result: FixtureValue = ihook.pytest_fixture_setup(
..\..\anaconda3\Lib\site-packages\pluggy\_hooks.py:512: in __call__
    return self._hookexec(self.name, self._hookimpls.copy(), kwargs, firstresult)
           ^^^^^^^^^^^^^^^^^^^^^^^^^^^^^^^^^^^^^^^^^^^^^^^^^^^^^^^^^^^^^^^^^^^^^^
..\..\anaconda3\Lib\site-packages\pluggy\_manager.py:120: in _hookexec
    return self._inner_hookexec(hook_name, methods, kwargs, firstresult)
           ^^^^^^^^^^^^^^^^^^^^^^^^^^^^^^^^^^^^^^^^^^^^^^^^^^^^^^^^^^^^^
..\..\anaconda3\Lib\site-packages\_pytest\setuponly.py:36: in pytest_fixture_setup
    return (yield)
            ^^^^^
..\..\anaconda3\Lib\site-packages\_pytest\fixtures.py:1327: in pytest_fixture_setup
    result = call_fixture_func(fixturefunc, request, kwargs)
             ^^^^^^^^^^^^^^^^^^^^^^^^^^^^^^^^^^^^^^^^^^^^^^^
..\..\anaconda3\Lib\site-packages\_pytest\fixtures.py:997: in call_fixture_func
    fixture_result = next(generator)
                     ^^^^^^^^^^^^^^^
..\..\anaconda3\Lib\site-packages\_pytest\tmpdir.py:300: in tmp_path
    path = _mk_tmp(request, tmp_path_factory)
           ^^^^^^^^^^^^^^^^^^^^^^^^^^^^^^^^^^
..\..\anaconda3\Lib\site-packages\_pytest\tmpdir.py:287: in _mk_tmp
    return factory.mktemp(name, numbered=True)
           ^^^^^^^^^^^^^^^^^^^^^^^^^^^^^^^^^^^
..\..\anaconda3\Lib\site-packages\_pytest\tmpdir.py:136: in mktemp
    basename = self._ensure_relative_to_basetemp(basename)
               ^^^^^^^^^^^^^^^^^^^^^^^^^^^^^^^^^^^^^^^^^^^
..\..\anaconda3\Lib\site-packages\_pytest\tmpdir.py:117: in _ensure_relative_to_basetemp
    if (self.getbasetemp() / basename).resolve().parent != self.getbasetemp():
        ^^^^^^^^^^^^^^^^^^
..\..\anaconda3\Lib\site-packages\_pytest\tmpdir.py:213: in getbasetemp
    basetemp = make_numbered_dir_with_cleanup(
..\..\anaconda3\Lib\site-packages\_pytest\pathlib.py:420: in make_numbered_dir_with_cleanup
    raise e
..\..\anaconda3\Lib\site-packages\_pytest\pathlib.py:401: in make_numbered_dir_with_cleanup
    p = make_numbered_dir(root, prefix, mode)
        ^^^^^^^^^^^^^^^^^^^^^^^^^^^^^^^^^^^^^
..\..\anaconda3\Lib\site-packages\_pytest\pathlib.py:228: in make_numbered_dir
    max_existing = max(map(parse_num, find_suffixes(root, prefix)), default=-1)
                   ^^^^^^^^^^^^^^^^^^^^^^^^^^^^^^^^^^^^^^^^^^^^^^^^^^^^^^^^^^^^
..\..\anaconda3\Lib\site-packages\_pytest\pathlib.py:187: in extract_suffixes
    for entry in iter:
                 ^^^^
_ _ _ _ _ _ _ _ _ _ _ _ _ _ _ _ _ _ _ _ _ _ _ _ _ _ _ _ _ _ _ _ _ _ _ _ _ _ _ _

root = WindowsPath('C:/Users/ASUS/AppData/Local/Temp/pytest-of-ASUS')
prefix = 'pytest-'

    def find_prefixed(root: Path, prefix: str) -> Iterator[os.DirEntry[str]]:
        """Find all elements in root that begin with the prefix, case-insensitive."""
        l_prefix = prefix.lower()
>       for x in os.scandir(root):
                 ^^^^^^^^^^^^^^^^
E       PermissionError: [WinError 5] Access is denied: 'C:\\Users\\ASUS\\AppData\\Local\\Temp\\pytest-of-ASUS'

..\..\anaconda3\Lib\site-packages\_pytest\pathlib.py:175: PermissionError
_________ ERROR at setup of test_repository_filters_by_genre_and_tag __________

cls = <class '_pytest.runner.CallInfo'>
func = <function call_and_report.<locals>.<lambda> at 0x0000019F2B0BB1A0>
when = 'setup'
reraise = (<class '_pytest.outcomes.Exit'>, <class 'KeyboardInterrupt'>)

    @classmethod
    def from_call(
        cls,
        func: Callable[[], TResult],
        when: Literal["collect", "setup", "call", "teardown"],
        reraise: type[BaseException] | tuple[type[BaseException], ...] | None = None,
    ) -> CallInfo[TResult]:
        """Call func, wrapping the result in a CallInfo.
    
        :param func:
            The function to call. Called without arguments.
        :type func: Callable[[], _pytest.runner.TResult]
        :param when:
            The phase in which the function is called.
        :param reraise:
            Exception or exceptions that shall propagate if raised by the
            function, instead of being wrapped in the CallInfo.
        """
        excinfo = None
        instant = timing.Instant()
        try:
>           result: TResult | None = func()
                                     ^^^^^^

..\..\anaconda3\Lib\site-packages\_pytest\runner.py:361: 
_ _ _ _ _ _ _ _ _ _ _ _ _ _ _ _ _ _ _ _ _ _ _ _ _ _ _ _ _ _ _ _ _ _ _ _ _ _ _ _
..\..\anaconda3\Lib\site-packages\_pytest\runner.py:250: in <lambda>
    lambda: runtest_hook(item=item, **kwds),
            ^^^^^^^^^^^^^^^^^^^^^^^^^^^^^^^
..\..\anaconda3\Lib\site-packages\pluggy\_hooks.py:512: in __call__
    return self._hookexec(self.name, self._hookimpls.copy(), kwargs, firstresult)
           ^^^^^^^^^^^^^^^^^^^^^^^^^^^^^^^^^^^^^^^^^^^^^^^^^^^^^^^^^^^^^^^^^^^^^^
..\..\anaconda3\Lib\site-packages\pluggy\_manager.py:120: in _hookexec
    return self._inner_hookexec(hook_name, methods, kwargs, firstresult)
           ^^^^^^^^^^^^^^^^^^^^^^^^^^^^^^^^^^^^^^^^^^^^^^^^^^^^^^^^^^^^^
..\..\anaconda3\Lib\site-packages\_pytest\logging.py:858: in pytest_runtest_setup
    yield
..\..\anaconda3\Lib\site-packages\_pytest\capture.py:895: in pytest_runtest_setup
    return (yield)
            ^^^^^
..\..\anaconda3\Lib\site-packages\_pytest\runner.py:170: in pytest_runtest_setup
    item.session._setupstate.setup(item)
..\..\anaconda3\Lib\site-packages\_pytest\runner.py:536: in setup
    col.setup()
..\..\anaconda3\Lib\site-packages\_pytest\python.py:1710: in setup
    self._request._fillfixtures()
..\..\anaconda3\Lib\site-packages\_pytest\fixtures.py:805: in _fillfixtures
    item.funcargs[argname] = self.getfixturevalue(argname)
                             ^^^^^^^^^^^^^^^^^^^^^^^^^^^^^
..\..\anaconda3\Lib\site-packages\_pytest\fixtures.py:629: in getfixturevalue
    fixturedef = self._get_active_fixturedef(argname)
                 ^^^^^^^^^^^^^^^^^^^^^^^^^^^^^^^^^^^^
..\..\anaconda3\Lib\site-packages\_pytest\fixtures.py:725: in _get_active_fixturedef
    fixturedef.execute(request=subrequest)
..\..\anaconda3\Lib\site-packages\_pytest\fixtures.py:1180: in execute
    fixturedef = request._get_active_fixturedef(argname)
                 ^^^^^^^^^^^^^^^^^^^^^^^^^^^^^^^^^^^^^^^
..\..\anaconda3\Lib\site-packages\_pytest\fixtures.py:725: in _get_active_fixturedef
    fixturedef.execute(request=subrequest)
..\..\anaconda3\Lib\site-packages\_pytest\fixtures.py:1231: in execute
    result: FixtureValue = ihook.pytest_fixture_setup(
..\..\anaconda3\Lib\site-packages\pluggy\_hooks.py:512: in __call__
    return self._hookexec(self.name, self._hookimpls.copy(), kwargs, firstresult)
           ^^^^^^^^^^^^^^^^^^^^^^^^^^^^^^^^^^^^^^^^^^^^^^^^^^^^^^^^^^^^^^^^^^^^^^
..\..\anaconda3\Lib\site-packages\pluggy\_manager.py:120: in _hookexec
    return self._inner_hookexec(hook_name, methods, kwargs, firstresult)
           ^^^^^^^^^^^^^^^^^^^^^^^^^^^^^^^^^^^^^^^^^^^^^^^^^^^^^^^^^^^^^
..\..\anaconda3\Lib\site-packages\_pytest\setuponly.py:36: in pytest_fixture_setup
    return (yield)
            ^^^^^
..\..\anaconda3\Lib\site-packages\_pytest\fixtures.py:1327: in pytest_fixture_setup
    result = call_fixture_func(fixturefunc, request, kwargs)
             ^^^^^^^^^^^^^^^^^^^^^^^^^^^^^^^^^^^^^^^^^^^^^^^
..\..\anaconda3\Lib\site-packages\_pytest\fixtures.py:997: in call_fixture_func
    fixture_result = next(generator)
                     ^^^^^^^^^^^^^^^
..\..\anaconda3\Lib\site-packages\_pytest\tmpdir.py:300: in tmp_path
    path = _mk_tmp(request, tmp_path_factory)
           ^^^^^^^^^^^^^^^^^^^^^^^^^^^^^^^^^^
..\..\anaconda3\Lib\site-packages\_pytest\tmpdir.py:287: in _mk_tmp
    return factory.mktemp(name, numbered=True)
           ^^^^^^^^^^^^^^^^^^^^^^^^^^^^^^^^^^^
..\..\anaconda3\Lib\site-packages\_pytest\tmpdir.py:136: in mktemp
    basename = self._ensure_relative_to_basetemp(basename)
               ^^^^^^^^^^^^^^^^^^^^^^^^^^^^^^^^^^^^^^^^^^^
..\..\anaconda3\Lib\site-packages\_pytest\tmpdir.py:117: in _ensure_relative_to_basetemp
    if (self.getbasetemp() / basename).resolve().parent != self.getbasetemp():
        ^^^^^^^^^^^^^^^^^^
..\..\anaconda3\Lib\site-packages\_pytest\tmpdir.py:213: in getbasetemp
    basetemp = make_numbered_dir_with_cleanup(
..\..\anaconda3\Lib\site-packages\_pytest\pathlib.py:420: in make_numbered_dir_with_cleanup
    raise e
..\..\anaconda3\Lib\site-packages\_pytest\pathlib.py:401: in make_numbered_dir_with_cleanup
    p = make_numbered_dir(root, prefix, mode)
        ^^^^^^^^^^^^^^^^^^^^^^^^^^^^^^^^^^^^^
..\..\anaconda3\Lib\site-packages\_pytest\pathlib.py:228: in make_numbered_dir
    max_existing = max(map(parse_num, find_suffixes(root, prefix)), default=-1)
                   ^^^^^^^^^^^^^^^^^^^^^^^^^^^^^^^^^^^^^^^^^^^^^^^^^^^^^^^^^^^^
..\..\anaconda3\Lib\site-packages\_pytest\pathlib.py:187: in extract_suffixes
    for entry in iter:
                 ^^^^
_ _ _ _ _ _ _ _ _ _ _ _ _ _ _ _ _ _ _ _ _ _ _ _ _ _ _ _ _ _ _ _ _ _ _ _ _ _ _ _

root = WindowsPath('C:/Users/ASUS/AppData/Local/Temp/pytest-of-ASUS')
prefix = 'pytest-'

    def find_prefixed(root: Path, prefix: str) -> Iterator[os.DirEntry[str]]:
        """Find all elements in root that begin with the prefix, case-insensitive."""
        l_prefix = prefix.lower()
>       for x in os.scandir(root):
                 ^^^^^^^^^^^^^^^^
E       PermissionError: [WinError 5] Access is denied: 'C:\\Users\\ASUS\\AppData\\Local\\Temp\\pytest-of-ASUS'

..\..\anaconda3\Lib\site-packages\_pytest\pathlib.py:175: PermissionError
___________ ERROR at setup of test_loader_generates_missing_dataset ___________

cls = <class '_pytest.runner.CallInfo'>
func = <function call_and_report.<locals>.<lambda> at 0x0000019F2B13E200>
when = 'setup'
reraise = (<class '_pytest.outcomes.Exit'>, <class 'KeyboardInterrupt'>)

    @classmethod
    def from_call(
        cls,
        func: Callable[[], TResult],
        when: Literal["collect", "setup", "call", "teardown"],
        reraise: type[BaseException] | tuple[type[BaseException], ...] | None = None,
    ) -> CallInfo[TResult]:
        """Call func, wrapping the result in a CallInfo.
    
        :param func:
            The function to call. Called without arguments.
        :type func: Callable[[], _pytest.runner.TResult]
        :param when:
            The phase in which the function is called.
        :param reraise:
            Exception or exceptions that shall propagate if raised by the
            function, instead of being wrapped in the CallInfo.
        """
        excinfo = None
        instant = timing.Instant()
        try:
>           result: TResult | None = func()
                                     ^^^^^^

..\..\anaconda3\Lib\site-packages\_pytest\runner.py:361: 
_ _ _ _ _ _ _ _ _ _ _ _ _ _ _ _ _ _ _ _ _ _ _ _ _ _ _ _ _ _ _ _ _ _ _ _ _ _ _ _
..\..\anaconda3\Lib\site-packages\_pytest\runner.py:250: in <lambda>
    lambda: runtest_hook(item=item, **kwds),
            ^^^^^^^^^^^^^^^^^^^^^^^^^^^^^^^
..\..\anaconda3\Lib\site-packages\pluggy\_hooks.py:512: in __call__
    return self._hookexec(self.name, self._hookimpls.copy(), kwargs, firstresult)
           ^^^^^^^^^^^^^^^^^^^^^^^^^^^^^^^^^^^^^^^^^^^^^^^^^^^^^^^^^^^^^^^^^^^^^^
..\..\anaconda3\Lib\site-packages\pluggy\_manager.py:120: in _hookexec
    return self._inner_hookexec(hook_name, methods, kwargs, firstresult)
           ^^^^^^^^^^^^^^^^^^^^^^^^^^^^^^^^^^^^^^^^^^^^^^^^^^^^^^^^^^^^^
..\..\anaconda3\Lib\site-packages\_pytest\logging.py:858: in pytest_runtest_setup
    yield
..\..\anaconda3\Lib\site-packages\_pytest\capture.py:895: in pytest_runtest_setup
    return (yield)
            ^^^^^
..\..\anaconda3\Lib\site-packages\_pytest\runner.py:170: in pytest_runtest_setup
    item.session._setupstate.setup(item)
..\..\anaconda3\Lib\site-packages\_pytest\runner.py:536: in setup
    col.setup()
..\..\anaconda3\Lib\site-packages\_pytest\python.py:1710: in setup
    self._request._fillfixtures()
..\..\anaconda3\Lib\site-packages\_pytest\fixtures.py:805: in _fillfixtures
    item.funcargs[argname] = self.getfixturevalue(argname)
                             ^^^^^^^^^^^^^^^^^^^^^^^^^^^^^
..\..\anaconda3\Lib\site-packages\_pytest\fixtures.py:629: in getfixturevalue
    fixturedef = self._get_active_fixturedef(argname)
                 ^^^^^^^^^^^^^^^^^^^^^^^^^^^^^^^^^^^^
..\..\anaconda3\Lib\site-packages\_pytest\fixtures.py:725: in _get_active_fixturedef
    fixturedef.execute(request=subrequest)
..\..\anaconda3\Lib\site-packages\_pytest\fixtures.py:1231: in execute
    result: FixtureValue = ihook.pytest_fixture_setup(
..\..\anaconda3\Lib\site-packages\pluggy\_hooks.py:512: in __call__
    return self._hookexec(self.name, self._hookimpls.copy(), kwargs, firstresult)
           ^^^^^^^^^^^^^^^^^^^^^^^^^^^^^^^^^^^^^^^^^^^^^^^^^^^^^^^^^^^^^^^^^^^^^^
..\..\anaconda3\Lib\site-packages\pluggy\_manager.py:120: in _hookexec
    return self._inner_hookexec(hook_name, methods, kwargs, firstresult)
           ^^^^^^^^^^^^^^^^^^^^^^^^^^^^^^^^^^^^^^^^^^^^^^^^^^^^^^^^^^^^^
..\..\anaconda3\Lib\site-packages\_pytest\setuponly.py:36: in pytest_fixture_setup
    return (yield)
            ^^^^^
..\..\anaconda3\Lib\site-packages\_pytest\fixtures.py:1327: in pytest_fixture_setup
    result = call_fixture_func(fixturefunc, request, kwargs)
             ^^^^^^^^^^^^^^^^^^^^^^^^^^^^^^^^^^^^^^^^^^^^^^^
..\..\anaconda3\Lib\site-packages\_pytest\fixtures.py:997: in call_fixture_func
    fixture_result = next(generator)
                     ^^^^^^^^^^^^^^^
..\..\anaconda3\Lib\site-packages\_pytest\tmpdir.py:300: in tmp_path
    path = _mk_tmp(request, tmp_path_factory)
           ^^^^^^^^^^^^^^^^^^^^^^^^^^^^^^^^^^
..\..\anaconda3\Lib\site-packages\_pytest\tmpdir.py:287: in _mk_tmp
    return factory.mktemp(name, numbered=True)
           ^^^^^^^^^^^^^^^^^^^^^^^^^^^^^^^^^^^
..\..\anaconda3\Lib\site-packages\_pytest\tmpdir.py:136: in mktemp
    basename = self._ensure_relative_to_basetemp(basename)
               ^^^^^^^^^^^^^^^^^^^^^^^^^^^^^^^^^^^^^^^^^^^
..\..\anaconda3\Lib\site-packages\_pytest\tmpdir.py:117: in _ensure_relative_to_basetemp
    if (self.getbasetemp() / basename).resolve().parent != self.getbasetemp():
        ^^^^^^^^^^^^^^^^^^
..\..\anaconda3\Lib\site-packages\_pytest\tmpdir.py:213: in getbasetemp
    basetemp = make_numbered_dir_with_cleanup(
..\..\anaconda3\Lib\site-packages\_pytest\pathlib.py:420: in make_numbered_dir_with_cleanup
    raise e
..\..\anaconda3\Lib\site-packages\_pytest\pathlib.py:401: in make_numbered_dir_with_cleanup
    p = make_numbered_dir(root, prefix, mode)
        ^^^^^^^^^^^^^^^^^^^^^^^^^^^^^^^^^^^^^
..\..\anaconda3\Lib\site-packages\_pytest\pathlib.py:228: in make_numbered_dir
    max_existing = max(map(parse_num, find_suffixes(root, prefix)), default=-1)
                   ^^^^^^^^^^^^^^^^^^^^^^^^^^^^^^^^^^^^^^^^^^^^^^^^^^^^^^^^^^^^
..\..\anaconda3\Lib\site-packages\_pytest\pathlib.py:187: in extract_suffixes
    for entry in iter:
                 ^^^^
_ _ _ _ _ _ _ _ _ _ _ _ _ _ _ _ _ _ _ _ _ _ _ _ _ _ _ _ _ _ _ _ _ _ _ _ _ _ _ _

root = WindowsPath('C:/Users/ASUS/AppData/Local/Temp/pytest-of-ASUS')
prefix = 'pytest-'

    def find_prefixed(root: Path, prefix: str) -> Iterator[os.DirEntry[str]]:
        """Find all elements in root that begin with the prefix, case-insensitive."""
        l_prefix = prefix.lower()
>       for x in os.scandir(root):
                 ^^^^^^^^^^^^^^^^
E       PermissionError: [WinError 5] Access is denied: 'C:\\Users\\ASUS\\AppData\\Local\\Temp\\pytest-of-ASUS'

..\..\anaconda3\Lib\site-packages\_pytest\pathlib.py:175: PermissionError
_______________ ERROR at setup of test_langchain_tool_manifest ________________

cls = <class '_pytest.runner.CallInfo'>
func = <function call_and_report.<locals>.<lambda> at 0x0000019F2B313EC0>
when = 'setup'
reraise = (<class '_pytest.outcomes.Exit'>, <class 'KeyboardInterrupt'>)

    @classmethod
    def from_call(
        cls,
        func: Callable[[], TResult],
        when: Literal["collect", "setup", "call", "teardown"],
        reraise: type[BaseException] | tuple[type[BaseException], ...] | None = None,
    ) -> CallInfo[TResult]:
        """Call func, wrapping the result in a CallInfo.
    
        :param func:
            The function to call. Called without arguments.
        :type func: Callable[[], _pytest.runner.TResult]
        :param when:
            The phase in which the function is called.
        :param reraise:
            Exception or exceptions that shall propagate if raised by the
            function, instead of being wrapped in the CallInfo.
        """
        excinfo = None
        instant = timing.Instant()
        try:
>           result: TResult | None = func()
                                     ^^^^^^

..\..\anaconda3\Lib\site-packages\_pytest\runner.py:361: 
_ _ _ _ _ _ _ _ _ _ _ _ _ _ _ _ _ _ _ _ _ _ _ _ _ _ _ _ _ _ _ _ _ _ _ _ _ _ _ _
..\..\anaconda3\Lib\site-packages\_pytest\runner.py:250: in <lambda>
    lambda: runtest_hook(item=item, **kwds),
            ^^^^^^^^^^^^^^^^^^^^^^^^^^^^^^^
..\..\anaconda3\Lib\site-packages\pluggy\_hooks.py:512: in __call__
    return self._hookexec(self.name, self._hookimpls.copy(), kwargs, firstresult)
           ^^^^^^^^^^^^^^^^^^^^^^^^^^^^^^^^^^^^^^^^^^^^^^^^^^^^^^^^^^^^^^^^^^^^^^
..\..\anaconda3\Lib\site-packages\pluggy\_manager.py:120: in _hookexec
    return self._inner_hookexec(hook_name, methods, kwargs, firstresult)
           ^^^^^^^^^^^^^^^^^^^^^^^^^^^^^^^^^^^^^^^^^^^^^^^^^^^^^^^^^^^^^
..\..\anaconda3\Lib\site-packages\_pytest\logging.py:858: in pytest_runtest_setup
    yield
..\..\anaconda3\Lib\site-packages\_pytest\capture.py:895: in pytest_runtest_setup
    return (yield)
            ^^^^^
..\..\anaconda3\Lib\site-packages\_pytest\runner.py:170: in pytest_runtest_setup
    item.session._setupstate.setup(item)
..\..\anaconda3\Lib\site-packages\_pytest\runner.py:536: in setup
    col.setup()
..\..\anaconda3\Lib\site-packages\_pytest\python.py:1710: in setup
    self._request._fillfixtures()
..\..\anaconda3\Lib\site-packages\_pytest\fixtures.py:805: in _fillfixtures
    item.funcargs[argname] = self.getfixturevalue(argname)
                             ^^^^^^^^^^^^^^^^^^^^^^^^^^^^^
..\..\anaconda3\Lib\site-packages\_pytest\fixtures.py:629: in getfixturevalue
    fixturedef = self._get_active_fixturedef(argname)
                 ^^^^^^^^^^^^^^^^^^^^^^^^^^^^^^^^^^^^
..\..\anaconda3\Lib\site-packages\_pytest\fixtures.py:725: in _get_active_fixturedef
    fixturedef.execute(request=subrequest)
..\..\anaconda3\Lib\site-packages\_pytest\fixtures.py:1180: in execute
    fixturedef = request._get_active_fixturedef(argname)
                 ^^^^^^^^^^^^^^^^^^^^^^^^^^^^^^^^^^^^^^^
..\..\anaconda3\Lib\site-packages\_pytest\fixtures.py:725: in _get_active_fixturedef
    fixturedef.execute(request=subrequest)
..\..\anaconda3\Lib\site-packages\_pytest\fixtures.py:1231: in execute
    result: FixtureValue = ihook.pytest_fixture_setup(
..\..\anaconda3\Lib\site-packages\pluggy\_hooks.py:512: in __call__
    return self._hookexec(self.name, self._hookimpls.copy(), kwargs, firstresult)
           ^^^^^^^^^^^^^^^^^^^^^^^^^^^^^^^^^^^^^^^^^^^^^^^^^^^^^^^^^^^^^^^^^^^^^^
..\..\anaconda3\Lib\site-packages\pluggy\_manager.py:120: in _hookexec
    return self._inner_hookexec(hook_name, methods, kwargs, firstresult)
           ^^^^^^^^^^^^^^^^^^^^^^^^^^^^^^^^^^^^^^^^^^^^^^^^^^^^^^^^^^^^^
..\..\anaconda3\Lib\site-packages\_pytest\setuponly.py:36: in pytest_fixture_setup
    return (yield)
            ^^^^^
..\..\anaconda3\Lib\site-packages\_pytest\fixtures.py:1327: in pytest_fixture_setup
    result = call_fixture_func(fixturefunc, request, kwargs)
             ^^^^^^^^^^^^^^^^^^^^^^^^^^^^^^^^^^^^^^^^^^^^^^^
..\..\anaconda3\Lib\site-packages\_pytest\fixtures.py:997: in call_fixture_func
    fixture_result = next(generator)
                     ^^^^^^^^^^^^^^^
..\..\anaconda3\Lib\site-packages\_pytest\tmpdir.py:300: in tmp_path
    path = _mk_tmp(request, tmp_path_factory)
           ^^^^^^^^^^^^^^^^^^^^^^^^^^^^^^^^^^
..\..\anaconda3\Lib\site-packages\_pytest\tmpdir.py:287: in _mk_tmp
    return factory.mktemp(name, numbered=True)
           ^^^^^^^^^^^^^^^^^^^^^^^^^^^^^^^^^^^
..\..\anaconda3\Lib\site-packages\_pytest\tmpdir.py:136: in mktemp
    basename = self._ensure_relative_to_basetemp(basename)
               ^^^^^^^^^^^^^^^^^^^^^^^^^^^^^^^^^^^^^^^^^^^
..\..\anaconda3\Lib\site-packages\_pytest\tmpdir.py:117: in _ensure_relative_to_basetemp
    if (self.getbasetemp() / basename).resolve().parent != self.getbasetemp():
        ^^^^^^^^^^^^^^^^^^
..\..\anaconda3\Lib\site-packages\_pytest\tmpdir.py:213: in getbasetemp
    basetemp = make_numbered_dir_with_cleanup(
..\..\anaconda3\Lib\site-packages\_pytest\pathlib.py:420: in make_numbered_dir_with_cleanup
    raise e
..\..\anaconda3\Lib\site-packages\_pytest\pathlib.py:401: in make_numbered_dir_with_cleanup
    p = make_numbered_dir(root, prefix, mode)
        ^^^^^^^^^^^^^^^^^^^^^^^^^^^^^^^^^^^^^
..\..\anaconda3\Lib\site-packages\_pytest\pathlib.py:228: in make_numbered_dir
    max_existing = max(map(parse_num, find_suffixes(root, prefix)), default=-1)
                   ^^^^^^^^^^^^^^^^^^^^^^^^^^^^^^^^^^^^^^^^^^^^^^^^^^^^^^^^^^^^
..\..\anaconda3\Lib\site-packages\_pytest\pathlib.py:187: in extract_suffixes
    for entry in iter:
                 ^^^^
_ _ _ _ _ _ _ _ _ _ _ _ _ _ _ _ _ _ _ _ _ _ _ _ _ _ _ _ _ _ _ _ _ _ _ _ _ _ _ _

root = WindowsPath('C:/Users/ASUS/AppData/Local/Temp/pytest-of-ASUS')
prefix = 'pytest-'

    def find_prefixed(root: Path, prefix: str) -> Iterator[os.DirEntry[str]]:
        """Find all elements in root that begin with the prefix, case-insensitive."""
        l_prefix = prefix.lower()
>       for x in os.scandir(root):
                 ^^^^^^^^^^^^^^^^
E       PermissionError: [WinError 5] Access is denied: 'C:\\Users\\ASUS\\AppData\\Local\\Temp\\pytest-of-ASUS'

..\..\anaconda3\Lib\site-packages\_pytest\pathlib.py:175: PermissionError
________ ERROR at setup of test_tool_methods_return_grounded_payloads _________

cls = <class '_pytest.runner.CallInfo'>
func = <function call_and_report.<locals>.<lambda> at 0x0000019F2B13EAC0>
when = 'setup'
reraise = (<class '_pytest.outcomes.Exit'>, <class 'KeyboardInterrupt'>)

    @classmethod
    def from_call(
        cls,
        func: Callable[[], TResult],
        when: Literal["collect", "setup", "call", "teardown"],
        reraise: type[BaseException] | tuple[type[BaseException], ...] | None = None,
    ) -> CallInfo[TResult]:
        """Call func, wrapping the result in a CallInfo.
    
        :param func:
            The function to call. Called without arguments.
        :type func: Callable[[], _pytest.runner.TResult]
        :param when:
            The phase in which the function is called.
        :param reraise:
            Exception or exceptions that shall propagate if raised by the
            function, instead of being wrapped in the CallInfo.
        """
        excinfo = None
        instant = timing.Instant()
        try:
>           result: TResult | None = func()
                                     ^^^^^^

..\..\anaconda3\Lib\site-packages\_pytest\runner.py:361: 
_ _ _ _ _ _ _ _ _ _ _ _ _ _ _ _ _ _ _ _ _ _ _ _ _ _ _ _ _ _ _ _ _ _ _ _ _ _ _ _
..\..\anaconda3\Lib\site-packages\_pytest\runner.py:250: in <lambda>
    lambda: runtest_hook(item=item, **kwds),
            ^^^^^^^^^^^^^^^^^^^^^^^^^^^^^^^
..\..\anaconda3\Lib\site-packages\pluggy\_hooks.py:512: in __call__
    return self._hookexec(self.name, self._hookimpls.copy(), kwargs, firstresult)
           ^^^^^^^^^^^^^^^^^^^^^^^^^^^^^^^^^^^^^^^^^^^^^^^^^^^^^^^^^^^^^^^^^^^^^^
..\..\anaconda3\Lib\site-packages\pluggy\_manager.py:120: in _hookexec
    return self._inner_hookexec(hook_name, methods, kwargs, firstresult)
           ^^^^^^^^^^^^^^^^^^^^^^^^^^^^^^^^^^^^^^^^^^^^^^^^^^^^^^^^^^^^^
..\..\anaconda3\Lib\site-packages\_pytest\logging.py:858: in pytest_runtest_setup
    yield
..\..\anaconda3\Lib\site-packages\_pytest\capture.py:895: in pytest_runtest_setup
    return (yield)
            ^^^^^
..\..\anaconda3\Lib\site-packages\_pytest\runner.py:170: in pytest_runtest_setup
    item.session._setupstate.setup(item)
..\..\anaconda3\Lib\site-packages\_pytest\runner.py:536: in setup
    col.setup()
..\..\anaconda3\Lib\site-packages\_pytest\python.py:1710: in setup
    self._request._fillfixtures()
..\..\anaconda3\Lib\site-packages\_pytest\fixtures.py:805: in _fillfixtures
    item.funcargs[argname] = self.getfixturevalue(argname)
                             ^^^^^^^^^^^^^^^^^^^^^^^^^^^^^
..\..\anaconda3\Lib\site-packages\_pytest\fixtures.py:629: in getfixturevalue
    fixturedef = self._get_active_fixturedef(argname)
                 ^^^^^^^^^^^^^^^^^^^^^^^^^^^^^^^^^^^^
..\..\anaconda3\Lib\site-packages\_pytest\fixtures.py:725: in _get_active_fixturedef
    fixturedef.execute(request=subrequest)
..\..\anaconda3\Lib\site-packages\_pytest\fixtures.py:1180: in execute
    fixturedef = request._get_active_fixturedef(argname)
                 ^^^^^^^^^^^^^^^^^^^^^^^^^^^^^^^^^^^^^^^
..\..\anaconda3\Lib\site-packages\_pytest\fixtures.py:725: in _get_active_fixturedef
    fixturedef.execute(request=subrequest)
..\..\anaconda3\Lib\site-packages\_pytest\fixtures.py:1231: in execute
    result: FixtureValue = ihook.pytest_fixture_setup(
..\..\anaconda3\Lib\site-packages\pluggy\_hooks.py:512: in __call__
    return self._hookexec(self.name, self._hookimpls.copy(), kwargs, firstresult)
           ^^^^^^^^^^^^^^^^^^^^^^^^^^^^^^^^^^^^^^^^^^^^^^^^^^^^^^^^^^^^^^^^^^^^^^
..\..\anaconda3\Lib\site-packages\pluggy\_manager.py:120: in _hookexec
    return self._inner_hookexec(hook_name, methods, kwargs, firstresult)
           ^^^^^^^^^^^^^^^^^^^^^^^^^^^^^^^^^^^^^^^^^^^^^^^^^^^^^^^^^^^^^
..\..\anaconda3\Lib\site-packages\_pytest\setuponly.py:36: in pytest_fixture_setup
    return (yield)
            ^^^^^
..\..\anaconda3\Lib\site-packages\_pytest\fixtures.py:1327: in pytest_fixture_setup
    result = call_fixture_func(fixturefunc, request, kwargs)
             ^^^^^^^^^^^^^^^^^^^^^^^^^^^^^^^^^^^^^^^^^^^^^^^
..\..\anaconda3\Lib\site-packages\_pytest\fixtures.py:997: in call_fixture_func
    fixture_result = next(generator)
                     ^^^^^^^^^^^^^^^
..\..\anaconda3\Lib\site-packages\_pytest\tmpdir.py:300: in tmp_path
    path = _mk_tmp(request, tmp_path_factory)
           ^^^^^^^^^^^^^^^^^^^^^^^^^^^^^^^^^^
..\..\anaconda3\Lib\site-packages\_pytest\tmpdir.py:287: in _mk_tmp
    return factory.mktemp(name, numbered=True)
           ^^^^^^^^^^^^^^^^^^^^^^^^^^^^^^^^^^^
..\..\anaconda3\Lib\site-packages\_pytest\tmpdir.py:136: in mktemp
    basename = self._ensure_relative_to_basetemp(basename)
               ^^^^^^^^^^^^^^^^^^^^^^^^^^^^^^^^^^^^^^^^^^^
..\..\anaconda3\Lib\site-packages\_pytest\tmpdir.py:117: in _ensure_relative_to_basetemp
    if (self.getbasetemp() / basename).resolve().parent != self.getbasetemp():
        ^^^^^^^^^^^^^^^^^^
..\..\anaconda3\Lib\site-packages\_pytest\tmpdir.py:213: in getbasetemp
    basetemp = make_numbered_dir_with_cleanup(
..\..\anaconda3\Lib\site-packages\_pytest\pathlib.py:420: in make_numbered_dir_with_cleanup
    raise e
..\..\anaconda3\Lib\site-packages\_pytest\pathlib.py:401: in make_numbered_dir_with_cleanup
    p = make_numbered_dir(root, prefix, mode)
        ^^^^^^^^^^^^^^^^^^^^^^^^^^^^^^^^^^^^^
..\..\anaconda3\Lib\site-packages\_pytest\pathlib.py:228: in make_numbered_dir
    max_existing = max(map(parse_num, find_suffixes(root, prefix)), default=-1)
                   ^^^^^^^^^^^^^^^^^^^^^^^^^^^^^^^^^^^^^^^^^^^^^^^^^^^^^^^^^^^^
..\..\anaconda3\Lib\site-packages\_pytest\pathlib.py:187: in extract_suffixes
    for entry in iter:
                 ^^^^
_ _ _ _ _ _ _ _ _ _ _ _ _ _ _ _ _ _ _ _ _ _ _ _ _ _ _ _ _ _ _ _ _ _ _ _ _ _ _ _

root = WindowsPath('C:/Users/ASUS/AppData/Local/Temp/pytest-of-ASUS')
prefix = 'pytest-'

    def find_prefixed(root: Path, prefix: str) -> Iterator[os.DirEntry[str]]:
        """Find all elements in root that begin with the prefix, case-insensitive."""
        l_prefix = prefix.lower()
>       for x in os.scandir(root):
                 ^^^^^^^^^^^^^^^^
E       PermissionError: [WinError 5] Access is denied: 'C:\\Users\\ASUS\\AppData\\Local\\Temp\\pytest-of-ASUS'

..\..\anaconda3\Lib\site-packages\_pytest\pathlib.py:175: PermissionError
============================== warnings summary ===============================
..\..\anaconda3\Lib\site-packages\fastapi\testclient.py:1
  C:\Users\ASUS\anaconda3\Lib\site-packages\fastapi\testclient.py:1: StarletteDeprecationWarning: Using `httpx` with `starlette.testclient` is deprecated; install `httpx2` instead.
    from starlette.testclient import TestClient as TestClient  # noqa

..\..\anaconda3\Lib\site-packages\_pytest\cacheprovider.py:469
  C:\Users\ASUS\anaconda3\Lib\site-packages\_pytest\cacheprovider.py:469: PytestCacheWarning: could not create cache path C:\Users\ASUS\Documents\AI Game Recommendation Platform\.pytest_cache\v\cache\nodeids: [WinError 5] Access is denied: 'C:\\Users\\ASUS\\Documents\\AI Game Recommendation Platform\\.pytest_cache\\v\\cache'
    config.cache.set("cache/nodeids", sorted(self.cached_nodeids))

..\..\anaconda3\Lib\site-packages\_pytest\cacheprovider.py:423
  C:\Users\ASUS\anaconda3\Lib\site-packages\_pytest\cacheprovider.py:423: PytestCacheWarning: could not create cache path C:\Users\ASUS\Documents\AI Game Recommendation Platform\.pytest_cache\v\cache\lastfailed: [WinError 5] Access is denied: 'C:\\Users\\ASUS\\Documents\\AI Game Recommendation Platform\\.pytest_cache\\v\\cache'
    config.cache.set("cache/lastfailed", self.lastfailed)

-- Docs: https://docs.pytest.org/en/stable/how-to/capture-warnings.html
=============================== tests coverage ================================
_______________ coverage: platform win32, python 3.12.7-final-0 _______________

Name                                   Stmts   Miss  Cover   Missing
--------------------------------------------------------------------
gamemind\__init__.py                       1      0   100%
gamemind\agents\__init__.py                0      0   100%
gamemind\agents\tools.py                  38     12    68%   34, 37, 40, 46-48, 59-73, 79, 109
gamemind\api\__init__.py                   0      0   100%
gamemind\api\routes.py                    25      8    68%   26, 41-42, 53-57
gamemind\core\__init__.py                  0      0   100%
gamemind\core\config.py                   22      0   100%
gamemind\core\errors.py                   20      2    90%   28-29
gamemind\core\logging.py                   8      0   100%
gamemind\data\__init__.py                  0      0   100%
gamemind\data\loader.py                   19     12    37%   11-14, 18-26
gamemind\data\synthetic.py                25      0   100%
gamemind\dependencies.py                  20      6    70%   14-15, 20-21, 30-31
gamemind\domain\__init__.py                0      0   100%
gamemind\domain\models.py                 25      1    96%   14
gamemind\main.py                          13      0   100%
gamemind\rag\__init__.py                   0      0   100%
gamemind\rag\vector_store.py              29     19    34%   18-21, 27-30, 47, 57-71
gamemind\schemas.py                       30      0   100%
gamemind\services\__init__.py              0      0   100%
gamemind\services\embeddings.py           34      6    82%   16, 20, 31, 61-63
gamemind\services\game_repository.py      21     12    43%   9-11, 21-26, 29, 32, 35
gamemind\services\preferences.py          26      0   100%
gamemind\services\ranker.py               48      8    83%   20, 46, 53, 66-67, 137-139
gamemind\services\recommendation.py       26     16    38%   17-20, 23-24, 27-46
--------------------------------------------------------------------
TOTAL                                    430    102    76%
FAIL Required test coverage of 90% not reached. Total coverage: 76.28%
=========================== short test summary info ===========================
ERROR tests/integration/test_api.py::test_health_endpoint - PermissionError: ...
ERROR tests/integration/test_api.py::test_games_endpoint - PermissionError: [...
ERROR tests/integration/test_api.py::test_recommend_endpoint - PermissionErro...
ERROR tests/unit/test_dataset.py::test_jsonl_round_trip - PermissionError: [W...
ERROR tests/unit/test_repository.py::test_repository_filters_by_genre_and_tag
ERROR tests/unit/test_repository.py::test_loader_generates_missing_dataset - ...
ERROR tests/unit/test_tools.py::test_langchain_tool_manifest - PermissionErro...
ERROR tests/unit/test_tools.py::test_tool_methods_return_grounded_payloads - ...
7 passed, 3 warnings, 8 errors in 18.66s
